// Jest Snapshot v1, https://goo.gl/fbAQLP

exports[`Nav snapshot 1`] = `
<header
  className="sc-gsnTZi dgJSci"
>
  <div
    className="contentsContainer"
  >
    <div
      className="logoContainer"
    >
      <a
        href="/"
        onClick={[Function]}
      >
        <img
          alt="logo_icon"
          className="logo_icon"
          src="codestates2.png"
        />
      </a>
    </div>
    <nav>
      <svg
        className="menuIcon"
        fill="currentColor"
        height="1em"
        stroke="currentColor"
        strokeWidth="0"
        style={
          Object {
            "color": undefined,
          }
        }
        viewBox="0 0 512 512"
        width="1em"
        xmlns="http://www.w3.org/2000/svg"
      >
        <path
          d="M32 96v64h448V96H32zm0 128v64h448v-64H32zm0 128v64h448v-64H32z"
        />
      </svg>
      <div
        className="tabContainer"
      >
        <a
          data-testid="link1"
          href="/course/active"
          onClick={[Function]}
        >
          <button
            className="tab"
          >
            수강 중인 코스
          </button>
        </a>
        <a
          data-testid="link2"
          href="/coplit"
          onClick={[Function]}
        >
          <button>
            코플릿
          </button>
        </a>
        <a
          data-testid="link3"
          href="/job"
          onClick={[Function]}
        >
          <button
            className="jobs"
          >
            Jobs
          </button>
        </a>
        <svg
          className="loginBtn"
          fill="currentColor"
          height="1em"
          onMouseOver={[Function]}
          stroke="currentColor"
          strokeWidth="0"
          style={
            Object {
              "color": undefined,
            }
          }
          viewBox="0 0 512 512"
          width="1em"
          xmlns="http://www.w3.org/2000/svg"
        >
          <path
            d="M256 48C141.31 48 48 141.31 48 256s93.31 208 208 208 208-93.31 208-208S370.69 48 256 48zm2 96a72 72 0 11-72 72 72 72 0 0172-72zm-2 288a175.55 175.55 0 01-129.18-56.6C135.66 329.62 215.06 320 256 320s120.34 9.62 129.18 55.39A175.52 175.52 0 01256 432z"
          />
        </svg>
        <div
          className="sc-bczRLJ bOLUDk"
          onMouseLeave={[Function]}
        >
          <div
            className="me"
          >
            <span
              className="name"
            >
              모상빈
            </span>
            님, 안녕하세요!
          </div>
          <div
            className="profileText"
          >
            <svg
              className="profileIcon"
              fill="currentColor"
              height="1em"
              stroke="currentColor"
              strokeWidth="0"
              style={
                Object {
                  "color": undefined,
                }
              }
              viewBox="0 0 24 24"
              width="1em"
              xmlns="http://www.w3.org/2000/svg"
            >
              <path
                d="M0 0h24v24H0V0z"
                fill="none"
              />
              <path
                d="M19 14v3c0 .55-.45 1-1 1h-1v-4h2M7 14v4H6c-.55 0-1-.45-1-1v-3h2m5-13a9 9 0 00-9 9v7c0 1.66 1.34 3 3 3h3v-8H5v-2c0-3.87 3.13-7 7-7s7 3.13 7 7v2h-4v8h3c1.66 0 3-1.34 3-3v-7a9 9 0 00-9-9z"
              />
            </svg>
             
            <span>
              수강생 헬프센터
            </span>
          </div>
          <div
            className="profileText"
          >
            <svg
              className="profileIcon"
              fill="currentColor"
              height="1em"
              stroke="currentColor"
              strokeWidth="0"
              style={
                Object {
                  "color": undefined,
                }
              }
              viewBox="0 0 16 16"
              width="1em"
              xmlns="http://www.w3.org/2000/svg"
            >
              <path
                d="M8 8a3 3 0 1 0 0-6 3 3 0 0 0 0 6zm2-3a2 2 0 1 1-4 0 2 2 0 0 1 4 0zm4 8c0 1-1 1-1 1H3s-1 0-1-1 1-4 6-4 6 3 6 4zm-1-.004c-.001-.246-.154-.986-.832-1.664C11.516 10.68 10.289 10 8 10c-2.29 0-3.516.68-4.168 1.332-.678.678-.83 1.418-.832 1.664h10z"
              />
            </svg>
            <span>
              마이페이지
            </span>
          </div>
          <div
            className="profileText logout"
          >
            <svg
              className="profileIcon"
              fill="currentColor"
              height="1em"
              stroke="currentColor"
              strokeWidth="0"
              style={
                Object {
                  "color": undefined,
                }
              }
              viewBox="0 0 24 24"
              width="1em"
              xmlns="http://www.w3.org/2000/svg"
            >
              <path
                d="M0 0h24v24H0z"
                fill="none"
              />
              <path
                d="M17 7l-1.41 1.41L18.17 11H8v2h10.17l-2.58 2.58L17 17l5-5zM4 5h8V3H4c-1.1 0-2 .9-2 2v14c0 1.1.9 2 2 2h8v-2H4V5z"
              />
            </svg>
            <span>
              로그아웃
            </span>
          </div>
        </div>
      </div>
    </nav>
  </div>
</header>
`;
